     -.--ns INFO     gpi                                ..mbed/gpi_embed.cpp:108  in set_program_name_in_venv        Using Python virtual environment interpreter at OSS CAD Suite/bin/python
     -.--ns INFO     gpi                                ../gpi/GpiCommon.cpp:101  in gpi_print_registered_impl       VPI registered
     0.00ns INFO     cocotb                             Running on Icarus Verilog version 13.0 (devel)
     0.00ns INFO     cocotb                             Running tests with cocotb v2.0.0.dev0+393b3284 from /home/kevin/fpga/oss-cad-suite/lib/python3.11/site-packages/cocotb-2.0.0.dev0+393b3284-py3.11-linux-x64.egg/cocotb
     0.00ns INFO     cocotb                             Seeding Python random module with 1790488609
     0.00ns INFO     cocotb.regression                  running tb_soc.test_riscv_soc (1/1)
   280.00ns INFO     cocotb.SOC                         Reset released
3500280.00ns INFO     cocotb.SOC                         Register x1 value: 28
3500280.00ns INFO     cocotb.SOC                         Register x2 value: 0
3500280.00ns INFO     cocotb.SOC                         Register x3 value: 0
3500280.00ns INFO     cocotb.SOC                         Register x4 value: 0
3500280.00ns INFO     cocotb.SOC                         Register x5 value: 952
3500280.00ns INFO     cocotb.SOC                         Register x6 value: 20
3500280.00ns INFO     cocotb.SOC                         Register x7 value: 0
3500280.00ns INFO     cocotb.SOC                         Register x8 value: 6
3500280.00ns INFO     cocotb.SOC                         Register x9 value: 16
3500280.00ns INFO     cocotb.SOC                         Register x10 value: 0
3500280.00ns INFO     cocotb.SOC                         Register x11 value: 7
3500280.00ns INFO     cocotb.SOC                         Register x12 value: 0
3500280.00ns INFO     cocotb.SOC                         Register x13 value: 0
3500280.00ns INFO     cocotb.SOC                         Register x14 value: 0
3500280.00ns INFO     cocotb.SOC                         Register x15 value: 0
3500280.00ns INFO     cocotb.SOC                         Register x16 value: 0
3500280.00ns INFO     cocotb.SOC                         Register x17 value: 0
3500280.00ns INFO     cocotb.SOC                         Register x18 value: 0
3500280.00ns INFO     cocotb.SOC                         Register x19 value: 0
3500280.00ns INFO     cocotb.SOC                         Register x20 value: 0
3500280.00ns INFO     cocotb.SOC                         Register x21 value: 0
3500280.00ns INFO     cocotb.SOC                         Register x22 value: 0
3500280.00ns INFO     cocotb.SOC                         Register x23 value: 0
3500280.00ns INFO     cocotb.SOC                         Register x24 value: 0
3500280.00ns INFO     cocotb.SOC                         Register x25 value: 0
3500280.00ns INFO     cocotb.SOC                         Register x26 value: 0
3500280.00ns INFO     cocotb.SOC                         Register x27 value: 0
3500280.00ns INFO     cocotb.SOC                         Register x28 value: 0
3500280.00ns INFO     cocotb.SOC                         Register x29 value: 0
3500280.00ns INFO     cocotb.SOC                         Register x30 value: 0
3500280.00ns INFO     cocotb.SOC                         All instruction assertions passed successfully!
3500280.00ns INFO     cocotb.regression                  tb_soc.test_riscv_soc passed
3500280.00ns INFO     cocotb.regression                  **************************************************************************************
                                                         ** TEST                          STATUS  SIM TIME (ns)  REAL TIME (s)  RATIO (ns/s) **
                                                         **************************************************************************************
                                                         ** tb_soc.test_riscv_soc          PASS     3500280.00           4.95     707753.08  **
                                                         **************************************************************************************
                                                         ** TESTS=1 PASS=1 FAIL=0 SKIP=0            3500280.00           4.95     707143.55  **
                                                         **************************************************************************************
                                                         
